eeschema (2013-07-07 BZR 4022)-stable  >> Creation date: 12/11/2013 8:36:54 PM
#Cmp ( order = Reference )
| H1         XBeeLeftPins
| H2         XBeeRightPins
| P1         CONN_1      
| P2         CONN_1      
| P3         CONN_1      
| P4         CONN_1      
| P5         CONN_1      
| P6         CONN_1      
| P7         CONN_1      
| P8         CONN_1      
| P9         CONN_1      
| P10        CONN_1      
| P11        CONN_1      
| P12        CONN_1      
| P13        CONN_1      
| P14        CONN_1      
| P15        CONN_1      
| P16        CONN_1      
| P17        CONN_1      
| P18        CONN_1      
| P19        CONN_1      
| P20        CONN_1      
| P21        CONN_1      
| P22        CONN_1      
| P23        CONN_1      
| P24        CONN_1      
| P25        CONN_1      
| P26        CONN_1      
| P27        CONN_1      
| P28        CONN_1      
| P29        CONN_1      
| P30        CONN_1      
| P31        CONN_1      
| P32        CONN_1      
| P33        CONN_1      
| P34        CONN_1      
| P35        CONN_1      
| P36        CONN_1      
| P37        CONN_1      
| P38        CONN_1      
| P39        CONN_1      
| P40        CONN_1      
| P41        CONN_1      
| P42        CONN_1      
| P43        CONN_1      
| P44        CONN_1      
| P45        CONN_1      
| P46        CONN_1      
| P47        CONN_1      
| P48        CONN_1      
| P49        CONN_1      
| P50        CONN_1      
| P51        CONN_1      
| P52        CONN_1      
| P53        CONN_1      
| P54        CONN_1      
| P55        CONN_1      
| P56        CONN_1      
| P57        CONN_1      
| P58        CONN_1      
| P59        CONN_1      
| P60        CONN_1      
| U1         XBEE        
#End Cmp

#Cmp ( order = Value )
| XBeeLeftPins H1        
| XBeeRightPins H2        
| CONN_1       P1        
| CONN_1       P2        
| CONN_1       P3        
| CONN_1       P4        
| CONN_1       P5        
| CONN_1       P6        
| CONN_1       P7        
| CONN_1       P8        
| CONN_1       P9        
| CONN_1       P10       
| CONN_1       P11       
| CONN_1       P12       
| CONN_1       P13       
| CONN_1       P14       
| CONN_1       P15       
| CONN_1       P16       
| CONN_1       P17       
| CONN_1       P18       
| CONN_1       P19       
| CONN_1       P20       
| CONN_1       P21       
| CONN_1       P22       
| CONN_1       P23       
| CONN_1       P24       
| CONN_1       P25       
| CONN_1       P26       
| CONN_1       P27       
| CONN_1       P28       
| CONN_1       P29       
| CONN_1       P30       
| CONN_1       P31       
| CONN_1       P32       
| CONN_1       P33       
| CONN_1       P34       
| CONN_1       P35       
| CONN_1       P36       
| CONN_1       P37       
| CONN_1       P38       
| CONN_1       P39       
| CONN_1       P40       
| CONN_1       P41       
| CONN_1       P42       
| CONN_1       P43       
| CONN_1       P44       
| CONN_1       P45       
| CONN_1       P46       
| CONN_1       P47       
| CONN_1       P48       
| CONN_1       P49       
| CONN_1       P50       
| CONN_1       P51       
| CONN_1       P52       
| CONN_1       P53       
| CONN_1       P54       
| CONN_1       P55       
| CONN_1       P56       
| CONN_1       P57       
| CONN_1       P58       
| CONN_1       P59       
| CONN_1       P60       
| XBEE         U1        
#End Cmp

#End List
